// Jest Snapshot v1, https://goo.gl/fbAQLP

exports[`Pruebas en <PrimeraApp /> debe de mostrar <PrimeraApp /> correctamente 1`] = `
<Fragment>
  <h3>
    Hola, soy Goku
  </h3>
  <p>
    Soy un subtitutlo
  </p>
</Fragment>
`;
